// Jest Snapshot v1, https://goo.gl/fbAQLP

exports[`gux-basic-tabs should render 1`] = `
<gux-basic-tabs id="interactive">
  <mock:shadow-root>
    <div class="gux-basic-tabs gux-horizontal gux-left">
      <div class="scroll-button-container"></div>
      <div class="scrollable-section">
        <slot name="tabs"></slot>
      </div>
      <div class="scroll-button-container"></div>
    </div>
    <div>
      <slot name="tabContentPanel"></slot>
    </div>
  </mock:shadow-root>
  <span slot="tabs">
    <gux-tab tab-id="1">
      <span slot="title">
        Hello
      </span>
    </gux-tab>
    <gux-tab tab-id="2">
      <span slot="title">
        Hello 2
      </span>
    </gux-tab>
  </span>
</gux-basic-tabs>
`;
